[     220ms] [ERROR] Failed to load resource: the server responded with a status of 404 (Not Found) @ http://localhost:8190/favicon.ico:0
[    1770ms] [ERROR] Failed to load resource: the server responded with a status of 404 (Not Found) @ http://localhost:8190/api/projects/19/analyze/status:0
[    2377ms] [ERROR] Failed to load resource: the server responded with a status of 404 (Not Found) @ http://localhost:8190/api/projects/19/analyze/status:0
[   67758ms] [ERROR] Failed to load resource: the server responded with a status of 404 (Not Found) @ http://localhost:8190/api/projects/19/analyze/status:0
[   68199ms] [ERROR] Failed to load resource: the server responded with a status of 404 (Not Found) @ http://localhost:8190/api/projects/19/analyze/status:0
[  100629ms] [ERROR] Failed to load resource: the server responded with a status of 404 (Not Found) @ http://localhost:8190/api/projects/19/analyze/status:0
[  101005ms] [ERROR] Failed to load resource: the server responded with a status of 404 (Not Found) @ http://localhost:8190/api/projects/19/analyze/status:0
[  118528ms] [ERROR] Failed to load resource: the server responded with a status of 404 (Not Found) @ http://localhost:8190/api/projects/19/analyze/status:0
[  118889ms] [ERROR] Failed to load resource: the server responded with a status of 404 (Not Found) @ http://localhost:8190/api/projects/19/analyze/status:0
[  121093ms] [ERROR] Failed to load resource: the server responded with a status of 404 (Not Found) @ http://localhost:8190/api/projects/19/analyze/status:0
[  121418ms] [ERROR] Failed to load resource: the server responded with a status of 404 (Not Found) @ http://localhost:8190/api/projects/19/analyze/status:0
[  167489ms] [ERROR] Failed to load resource: net::ERR_CONNECTION_RESET @ http://localhost:8190/api/projects/19/logs?after=3615:0
[  539113ms] [ERROR] Failed to load resource: the server responded with a status of 404 (Not Found) @ http://localhost:8190/api/projects/19/analyze/status:0
[  539786ms] [ERROR] Failed to load resource: the server responded with a status of 404 (Not Found) @ http://localhost:8190/api/projects/19/analyze/status:0
[  542421ms] [ERROR] Failed to load resource: the server responded with a status of 404 (Not Found) @ http://localhost:8190/api/projects/19/analyze/status:0
[  542770ms] [ERROR] Failed to load resource: the server responded with a status of 404 (Not Found) @ http://localhost:8190/api/projects/19/analyze/status:0
[ 2173642ms] [ERROR] Failed to load resource: the server responded with a status of 404 (Not Found) @ http://localhost:8190/api/projects/19/analyze/status:0
[ 2173945ms] [ERROR] Failed to load resource: the server responded with a status of 404 (Not Found) @ http://localhost:8190/api/projects/19/analyze/status:0
[ 3347718ms] [ERROR] Failed to load resource: net::ERR_NETWORK_CHANGED @ http://localhost:8190/api/projects/19/logs?after=3615:0
[ 5802621ms] [ERROR] Failed to load resource: net::ERR_NETWORK_CHANGED @ http://localhost:8190/api/projects/19/logs?after=3615:0
